// Jest Snapshot v1, https://goo.gl/fbAQLP

exports[`Basic todo flows first load correctly 2`] = `"<input class=\\"new-todo\\" placeholder=\\"What needs to be done ?\\">"`;
